[www.bewakoof.com/index.html]
[www.bewakoof.com/https/www.googletagmanager.com]
[backblue.gif]
[fade.gif]
[index.html]
[www.bewakoof.com/e,location.href]
[images.bewakoof.com/web/favicon-1635856217.png]
[images.bewakoof.com/lib/icon/app-logo.png]
[www.bewakoof.com/manifest.json]
[www.bewakoof.com/osdd.xml]
[static.bewakoof.com/www/app/style.80b4c4a79823c7a9520f.css]
[www.bewakoof.com/GET]
[microapps.google.com/apis/v1alpha/microapps.js]
[static.bewakoof.com/www/app/vendors-info-main-myaccount-panel.70a80222792aece91c4f.js]
[www.bewakoof.com/ABCDEFGHIJKLMNOPQRSTUVWXYZabcdefghijklmnopqrstuvwxyz0123456789+/index.html]
[static.bewakoof.com/www/app/vendors-info-main-panel.1414065db626b8ec800e.js]
[www.bewakoof.com/index.html]
[www.bewakoof.com/https/www.googletagmanager.html]
[www.bewakoof.com/e,location.html]
[static.bewakoof.com/www/app/main.4985ba39d57777a2ea19.js]
[images.bewakoof.com/web/down-2x-1539685344.png]
[static.bewakoof.com/www/app/style.80b4c4a79823c7a9520f.css]
[www.bewakoof.com/GET.html]
[www.bewakoof.com/ABCDEFGHIJKLMNOPQRSTUVWXYZabcdefghijklmnopqrstuvwxyz0123456789+/index.html]
